// Jest Snapshot v1, https://goo.gl/fbAQLP

exports[`<Button /> component renders correctly Default button 1`] = `
<button
  className="app-btn"
  type="button"
>
  I'm a button
</button>
`;

exports[`<Button /> component renders correctly Reset button 1`] = `
<input
  className="app-btn app-btn--cancel"
  type="reset"
  value="Cancel"
/>
`;

exports[`<Button /> component renders correctly Submit button 1`] = `
<button
  className="app-btn app-btn--submit"
  type="submit"
>
  Submit
</button>
`;
